// Jest Snapshot v1, https://goo.gl/fbAQLP

exports[`Pruebas en <CardGifs /> debe hacer match con el snaptshot 1`] = `
<div>
  <div
    class="card"
  >
    <img
      alt="Saytama"
      src="https://localhost/algo.jpg"
    />
    <p>
      Saytama
    </p>
  </div>
</div>
`;
